[    0.000000] Linux version 4.15.0-99-generic (buildd@lcy01-amd64-013) (gcc version 7.5.0 (Ubuntu 7.5.0-3ubuntu1~18.04)) #100-Ubuntu SMP Wed Apr 22 20:32:56 UTC 2020 (Ubuntu 4.15.0-99.100-generic 4.15.18)
[    0.000000] Command line: BOOT_IMAGE=/boot/vmlinuz-4.15.0-99-generic root=UUID=8ebeb332-d62a-44e8-aa21-a22e3a14b149 ro console=tty1 console=ttyS0
[    0.000000] KERNEL supported cpus:
[    0.000000]   Intel GenuineIntel
[    0.000000]   AMD AuthenticAMD
[    0.000000]   Centaur CentaurHauls
[    0.000000] x86/fpu: Supporting XSAVE feature 0x001: 'x87 floating point registers'
[    0.000000] x86/fpu: Supporting XSAVE feature 0x002: 'SSE registers'
[    0.000000] x86/fpu: Supporting XSAVE feature 0x004: 'AVX registers'
[    0.000000] x86/fpu: xstate_offset[2]:  576, xstate_sizes[2]:  256
[    0.000000] x86/fpu: Enabled xstate features 0x7, context size is 832 bytes, using 'standard' format.
[    0.000000] e820: BIOS-provided physical RAM map:
[    0.000000] BIOS-e820: [mem 0x0000000000000000-0x000000000009fbff] usable
[    0.000000] BIOS-e820: [mem 0x000000000009fc00-0x000000000009ffff] reserved
[    0.000000] BIOS-e820: [mem 0x00000000000f0000-0x00000000000fffff] reserved
[    0.000000] BIOS-e820: [mem 0x0000000000100000-0x000000003ffeffff] usable
[    0.000000] BIOS-e820: [mem 0x000000003fff0000-0x000000003fffffff] ACPI data
[    0.000000] BIOS-e820: [mem 0x00000000fec00000-0x00000000fec00fff] reserved
[    0.000000] BIOS-e820: [mem 0x00000000fee00000-0x00000000fee00fff] reserved
[    0.000000] BIOS-e820: [mem 0x00000000fffc0000-0x00000000ffffffff] reserved
[    0.000000] NX (Execute Disable) protection: active
[    0.000000] SMBIOS 2.5 present.
[    0.000000] DMI: innotek GmbH VirtualBox/VirtualBox, BIOS VirtualBox 12/01/2006
[    0.000000] Hypervisor detected: KVM
[    0.000000] e820: last_pfn = 0x3fff0 max_arch_pfn = 0x400000000
[    0.000000] MTRR: Disabled
[    0.000000] x86/PAT: MTRRs disabled, skipping PAT initialization too.
[    0.000000] CPU MTRRs all blank - virtualized system.
[    0.000000] x86/PAT: Configuration [0-7]: WB  WT  UC- UC  WB  WT  UC- UC  
[    0.000000] found SMP MP-table at [mem 0x0009fff0-0x0009ffff]
[    0.000000] Scanning 1 areas for low memory corruption
[    0.000000] RAMDISK: [mem 0x35961000-0x36ca7fff]
[    0.000000] ACPI: Early table checksum verification disabled
[    0.000000] ACPI: RSDP 0x00000000000E0000 000024 (v02 VBOX  )
[    0.000000] ACPI: XSDT 0x000000003FFF0030 00003C (v01 VBOX   VBOXXSDT 00000001 ASL  00000061)
[    0.000000] ACPI: FACP 0x000000003FFF00F0 0000F4 (v04 VBOX   VBOXFACP 00000001 ASL  00000061)
[    0.000000] ACPI: DSDT 0x000000003FFF0470 002325 (v02 VBOX   VBOXBIOS 00000002 INTL 20100528)
[    0.000000] ACPI: FACS 0x000000003FFF0200 000040
[    0.000000] ACPI: FACS 0x000000003FFF0200 000040
[    0.000000] ACPI: APIC 0x000000003FFF0240 000054 (v02 VBOX   VBOXAPIC 00000001 ASL  00000061)
[    0.000000] ACPI: SSDT 0x000000003FFF02A0 0001CC (v01 VBOX   VBOXCPUT 00000002 INTL 20100528)
[    0.000000] No NUMA configuration found
[    0.000000] Faking a node at [mem 0x0000000000000000-0x000000003ffeffff]
[    0.000000] NODE_DATA(0) allocated [mem 0x3ffc5000-0x3ffeffff]
[    0.000000] kvm-clock: cpu 0, msr 0:3ff44001, primary cpu clock
[    0.000000] kvm-clock: Using msrs 4b564d01 and 4b564d00
[    0.000000] kvm-clock: using sched offset of 5198358864 cycles
[    0.000000] clocksource: kvm-clock: mask: 0xffffffffffffffff max_cycles: 0x1cd42e4dffb, max_idle_ns: 881590591483 ns
[    0.000000] Zone ranges:
[    0.000000]   DMA      [mem 0x0000000000001000-0x0000000000ffffff]
[    0.000000]   DMA32    [mem 0x0000000001000000-0x000000003ffeffff]
[    0.000000]   Normal   empty
[    0.000000]   Device   empty
[    0.000000] Movable zone start for each node
[    0.000000] Early memory node ranges
[    0.000000]   node   0: [mem 0x0000000000001000-0x000000000009efff]
[    0.000000]   node   0: [mem 0x0000000000100000-0x000000003ffeffff]
[    0.000000] Reserved but unavailable: 98 pages
[    0.000000] Initmem setup node 0 [mem 0x0000000000001000-0x000000003ffeffff]
[    0.000000] ACPI: PM-Timer IO Port: 0x4008
[    0.000000] IOAPIC[0]: apic_id 1, version 32, address 0xfec00000, GSI 0-23
[    0.000000] ACPI: INT_SRC_OVR (bus 0 bus_irq 0 global_irq 2 dfl dfl)
[    0.000000] ACPI: INT_SRC_OVR (bus 0 bus_irq 9 global_irq 9 low level)
[    0.000000] Using ACPI (MADT) for SMP configuration information
[    0.000000] smpboot: Allowing 1 CPUs, 0 hotplug CPUs
[    0.000000] PM: Registered nosave memory: [mem 0x00000000-0x00000fff]
[    0.000000] PM: Registered nosave memory: [mem 0x0009f000-0x0009ffff]
[    0.000000] PM: Registered nosave memory: [mem 0x000a0000-0x000effff]
[    0.000000] PM: Registered nosave memory: [mem 0x000f0000-0x000fffff]
[    0.000000] e820: [mem 0x40000000-0xfebfffff] available for PCI devices
[    0.000000] Booting paravirtualized kernel on KVM
[    0.000000] clocksource: refined-jiffies: mask: 0xffffffff max_cycles: 0xffffffff, max_idle_ns: 7645519600211568 ns
[    0.000000] random: get_random_bytes called from start_kernel+0x99/0x4fd with crng_init=0
[    0.000000] setup_percpu: NR_CPUS:8192 nr_cpumask_bits:1 nr_cpu_ids:1 nr_node_ids:1
[    0.000000] percpu: Embedded 45 pages/cpu s147456 r8192 d28672 u2097152
[    0.000000] PV qspinlock hash table entries: 256 (order: 0, 4096 bytes)
[    0.000000] Built 1 zonelists, mobility grouping on.  Total pages: 257913
[    0.000000] Policy zone: DMA32
[    0.000000] Kernel command line: BOOT_IMAGE=/boot/vmlinuz-4.15.0-99-generic root=UUID=8ebeb332-d62a-44e8-aa21-a22e3a14b149 ro console=tty1 console=ttyS0
[    0.000000] Memory: 982708K/1048120K available (12300K kernel code, 2481K rwdata, 4268K rodata, 2432K init, 2712K bss, 65412K reserved, 0K cma-reserved)
[    0.000000] SLUB: HWalign=64, Order=0-3, MinObjects=0, CPUs=1, Nodes=1
[    0.000000] Kernel/User page tables isolation: enabled
[    0.000000] ftrace: allocating 39364 entries in 154 pages
[    0.004000] Hierarchical RCU implementation.
[    0.004000] 	RCU restricting CPUs from NR_CPUS=8192 to nr_cpu_ids=1.
[    0.004000] 	Tasks RCU enabled.
[    0.004000] RCU: Adjusting geometry for rcu_fanout_leaf=16, nr_cpu_ids=1
[    0.004000] NR_IRQS: 524544, nr_irqs: 256, preallocated irqs: 16
[    0.004000] Console: colour VGA+ 80x25
[    0.004000] console [tty1] enabled
[    0.004000] console [ttyS0] enabled
[    0.004000] ACPI: Core revision 20170831
[    0.004000] ACPI: 2 ACPI AML tables successfully acquired and loaded
[    0.004000] APIC: Switch to symmetric I/O mode setup
[    0.004000] x2apic enabled
[    0.004010] Switched APIC routing to physical x2apic.
[    0.009822] ..TIMER: vector=0x30 apic1=0 pin1=2 apic2=-1 pin2=-1
[    0.012005] tsc: Detected 3100.000 MHz processor
[    0.013420] Calibrating delay loop (skipped) preset value.. 6200.00 BogoMIPS (lpj=12400000)
[    0.016012] pid_max: default: 32768 minimum: 301
[    0.020044] Security Framework initialized
[    0.021210] Yama: becoming mindful.
[    0.024028] AppArmor: AppArmor initialized
[    0.028048] Dentry cache hash table entries: 131072 (order: 8, 1048576 bytes)
[    0.029882] Inode-cache hash table entries: 65536 (order: 7, 524288 bytes)
[    0.032025] Mount-cache hash table entries: 2048 (order: 2, 16384 bytes)
[    0.034230] Mountpoint-cache hash table entries: 2048 (order: 2, 16384 bytes)
[    0.036279] process: using mwait in idle threads
[    0.037740] Last level iTLB entries: 4KB 64, 2MB 8, 4MB 8
[    0.040011] Last level dTLB entries: 4KB 64, 2MB 0, 4MB 0, 1GB 4
[    0.044009] Spectre V1 : Mitigation: usercopy/swapgs barriers and __user pointer sanitization
[    0.048008] Spectre V2 : Mitigation: Full generic retpoline
[    0.052007] Spectre V2 : Spectre v2 / SpectreRSB mitigation: Filling RSB on context switch
[    0.056008] Speculative Store Bypass: Vulnerable
[    0.060099] MDS: Mitigation: Clear CPU buffers
[    0.081381] Freeing SMP alternatives memory: 36K
[    0.164004] APIC calibration not consistent with PM-Timer: 116ms instead of 100ms
[    0.168000] APIC delta adjusted to PM-Timer: 6107692 (7092096)
[    0.168230] smpboot: CPU0: Intel(R) Core(TM) i7-5557U CPU @ 3.10GHz (family: 0x6, model: 0x3d, stepping: 0x4)
[    0.172141] Performance Events: unsupported p6 CPU model 61 no PMU driver, software events only.
[    0.176093] Hierarchical SRCU implementation.
[    0.185451] NMI watchdog: Perf event create on CPU 0 failed with -2
[    0.188009] NMI watchdog: Perf NMI watchdog permanently disabled
[    0.192106] smp: Bringing up secondary CPUs ...
[    0.193632] smp: Brought up 1 node, 1 CPU
[    0.196009] smpboot: Max logical packages: 1
[    0.200012] smpboot: Total of 1 processors activated (6200.00 BogoMIPS)
[    0.204175] devtmpfs: initialized
[    0.206245] x86/mm: Memory block size: 128MB
[    0.208275] evm: security.selinux
[    0.209913] evm: security.SMACK64
[    0.210923] evm: security.SMACK64EXEC
[    0.212015] evm: security.SMACK64TRANSMUTE
[    0.213511] evm: security.SMACK64MMAP
[    0.216011] evm: security.apparmor
[    0.217042] evm: security.ima
[    0.218692] evm: security.capability
[    0.220206] clocksource: jiffies: mask: 0xffffffff max_cycles: 0xffffffff, max_idle_ns: 7645041785100000 ns
[    0.223295] futex hash table entries: 256 (order: 2, 16384 bytes)
[    0.224111] pinctrl core: initialized pinctrl subsystem
[    0.228034] RTC time:  4:17:56, date: 05/19/20
[    0.229617] NET: Registered protocol family 16
[    0.231426] audit: initializing netlink subsys (disabled)
[    0.232230] cpuidle: using governor ladder
[    0.236020] audit: type=2000 audit(1589861882.674:1): state=initialized audit_enabled=0 res=1
[    0.240017] cpuidle: using governor menu
[    0.244110] ACPI: bus type PCI registered
[    0.245563] acpiphp: ACPI Hot Plug PCI Controller Driver version: 0.5
[    0.248201] PCI: Using configuration type 1 for base access
[    0.257244] HugeTLB registered 2.00 MiB page size, pre-allocated 0 pages
[    0.263479] ACPI: Added _OSI(Module Device)
[    0.264029] ACPI: Added _OSI(Processor Device)
[    0.268035] ACPI: Added _OSI(3.0 _SCP Extensions)
[    0.269792] ACPI: Added _OSI(Processor Aggregator Device)
[    0.272035] ACPI: Added _OSI(Linux-Dell-Video)
[    0.273559] ACPI: Added _OSI(Linux-Lenovo-NV-HDMI-Audio)
[    0.276050] ACPI: Added _OSI(Linux-HPI-Hybrid-Graphics)
[    0.280604] ACPI: Executed 1 blocks of module-level executable AML code
[    0.296184] ACPI: Interpreter enabled
[    0.300040] ACPI: (supports S0 S5)
[    0.304010] ACPI: Using IOAPIC for interrupt routing
[    0.308426] PCI: Using host bridge windows from ACPI; if necessary, use "pci=nocrs" and report a bug
[    0.312398] ACPI: Enabled 2 GPEs in block 00 to 07
[    0.325800] ACPI: PCI Root Bridge [PCI0] (domain 0000 [bus 00-ff])
[    0.328025] acpi PNP0A03:00: _OSC: OS supports [ASPM ClockPM Segments MSI]
[    0.332886] acpi PNP0A03:00: _OSC: not requesting OS control; OS requires [ExtendedConfig ASPM ClockPM MSI]
[    0.336039] acpi PNP0A03:00: fail to add MMCONFIG information, can't access extended PCI configuration space under this bridge.
[    0.340901] PCI host bridge to bus 0000:00
[    0.344015] pci_bus 0000:00: root bus resource [io  0x0000-0x0cf7 window]
[    0.348015] pci_bus 0000:00: root bus resource [io  0x0d00-0xffff window]
[    0.352015] pci_bus 0000:00: root bus resource [mem 0x000a0000-0x000bffff window]
[    0.356015] pci_bus 0000:00: root bus resource [mem 0x40000000-0xfdffffff window]
[    0.360015] pci_bus 0000:00: root bus resource [bus 00-ff]
[    0.370577] pci 0000:00:01.1: legacy IDE quirk: reg 0x10: [io  0x01f0-0x01f7]
[    0.372014] pci 0000:00:01.1: legacy IDE quirk: reg 0x14: [io  0x03f6]
[    0.376013] pci 0000:00:01.1: legacy IDE quirk: reg 0x18: [io  0x0170-0x0177]
[    0.380012] pci 0000:00:01.1: legacy IDE quirk: reg 0x1c: [io  0x0376]
[    0.500584] pci 0000:00:07.0: quirk: [io  0x4000-0x403f] claimed by PIIX4 ACPI
[    0.504280] pci 0000:00:07.0: quirk: [io  0x4100-0x410f] claimed by PIIX4 SMB
[    0.531580] ACPI: PCI Interrupt Link [LNKA] (IRQs 5 9 10 *11)
[    0.537621] ACPI: PCI Interrupt Link [LNKB] (IRQs 5 9 *10 11)
[    0.540504] ACPI: PCI Interrupt Link [LNKC] (IRQs 5 *9 10 11)
[    0.544179] ACPI: PCI Interrupt Link [LNKD] (IRQs 5 9 10 *11)
[    0.549207] SCSI subsystem initialized
[    0.552858] pci 0000:00:02.0: vgaarb: setting as boot VGA device
[    0.556000] pci 0000:00:02.0: vgaarb: VGA device added: decodes=io+mem,owns=io+mem,locks=none
[    0.556016] pci 0000:00:02.0: vgaarb: bridge control possible
[    0.560012] vgaarb: loaded
[    0.564088] ACPI: bus type USB registered
[    0.566062] usbcore: registered new interface driver usbfs
[    0.568050] usbcore: registered new interface driver hub
[    0.572544] usbcore: registered new device driver usb
[    0.576136] EDAC MC: Ver: 3.0.0
[    0.581475] PCI: Using ACPI for IRQ routing
[    0.588327] NetLabel: Initializing
[    0.589817] NetLabel:  domain hash size = 128
[    0.592007] NetLabel:  protocols = UNLABELED CIPSOv4 CALIPSO
[    0.596072] NetLabel:  unlabeled traffic allowed by default
[    0.601178] clocksource: Switched to clocksource kvm-clock
[    0.665881] VFS: Disk quotas dquot_6.6.0
[    0.669490] VFS: Dquot-cache hash table entries: 512 (order 0, 4096 bytes)
[    0.678656] AppArmor: AppArmor Filesystem Enabled
[    0.680205] pnp: PnP ACPI init
[    0.703248] pnp: PnP ACPI: found 3 devices
[    0.745620] clocksource: acpi_pm: mask: 0xffffff max_cycles: 0xffffff, max_idle_ns: 2085701024 ns
[    0.749715] NET: Registered protocol family 2
[    0.752012] TCP established hash table entries: 8192 (order: 4, 65536 bytes)
[    0.770346] TCP bind hash table entries: 8192 (order: 5, 131072 bytes)
[    0.878303] TCP: Hash tables configured (established 8192 bind 8192)
[    0.912184] UDP hash table entries: 512 (order: 2, 16384 bytes)
[    0.928900] UDP-Lite hash table entries: 512 (order: 2, 16384 bytes)
[    0.959200] NET: Registered protocol family 1
[    0.970907] pci 0000:00:00.0: Limiting direct PCI/PCI transfers
[    1.006580] pci 0000:00:01.0: Activating ISA DMA hang workarounds
[    1.054221] pci 0000:00:02.0: Video device with shadowed ROM at [mem 0x000c0000-0x000dffff]
[    1.068721] Unpacking initramfs...
[    1.994145] Freeing initrd memory: 19740K
[    1.995977] clocksource: tsc: mask: 0xffffffffffffffff max_cycles: 0x2caf47d9d39, max_idle_ns: 440795292816 ns
[    2.003007] platform rtc_cmos: registered platform RTC device (no PNP device found)
[    2.005670] Scanning for low memory corruption every 60 seconds
[    2.008923] Initialise system trusted keyrings
[    2.012064] Key type blacklist registered
[    2.013746] workingset: timestamp_bits=36 max_order=18 bucket_order=0
[    2.017391] zbud: loaded
[    2.020105] squashfs: version 4.0 (2009/01/31) Phillip Lougher
[    2.022688] fuse init (API version 7.26)
[    2.025931] Key type asymmetric registered
[    2.029090] Asymmetric key parser 'x509' registered
[    2.032875] Block layer SCSI generic (bsg) driver version 0.4 loaded (major 246)
[    2.035923] io scheduler noop registered
[    2.037187] io scheduler deadline registered
[    2.038539] io scheduler cfq registered (default)
[    2.040737] ACPI: AC Adapter [AC] (on-line)
[    2.042244] input: Power Button as /devices/LNXSYSTM:00/LNXPWRBN:00/input/input0
[    2.045247] ACPI: Power Button [PWRF]
[    2.046735] input: Sleep Button as /devices/LNXSYSTM:00/LNXSLPBN:00/input/input1
[    2.050357] ACPI: Sleep Button [SLPF]
[    2.053762] ACPI: Battery Slot [BAT0] (battery present)
[    2.056695] Serial: 8250/16550 driver, 32 ports, IRQ sharing enabled
[    2.084336] 00:02: ttyS0 at I/O 0x3f8 (irq = 4, base_baud = 115200) is a 16550A
[    2.089245] Linux agpgart interface v0.103
[    2.093541] loop: module loaded
[    2.095175] scsi host0: ata_piix
[    2.097466] scsi host1: ata_piix
[    2.099346] ata1: PATA max UDMA/33 cmd 0x1f0 ctl 0x3f6 bmdma 0xd000 irq 14
[    2.102184] ata2: PATA max UDMA/33 cmd 0x170 ctl 0x376 bmdma 0xd008 irq 15
[    2.105366] libphy: Fixed MDIO Bus: probed
[    2.107069] tun: Universal TUN/TAP device driver, 1.6
[    2.110261] PPP generic driver version 2.4.2
[    2.111859] ehci_hcd: USB 2.0 'Enhanced' Host Controller (EHCI) Driver
[    2.114484] ehci-pci: EHCI PCI platform driver
[    2.117358] ehci-platform: EHCI generic platform driver
[    2.119874] ohci_hcd: USB 1.1 'Open' Host Controller (OHCI) Driver
[    2.122483] ohci-pci: OHCI PCI platform driver
[    2.126379] ohci-platform: OHCI generic platform driver
[    2.129225] uhci_hcd: USB Universal Host Controller Interface driver
[    2.133348] i8042: PNP: PS/2 Controller [PNP0303:PS2K,PNP0f03:PS2M] at 0x60,0x64 irq 1,12
[    2.136607] serio: i8042 KBD port at 0x60,0x64 irq 1
[    2.139542] serio: i8042 AUX port at 0x60,0x64 irq 12
[    2.141650] mousedev: PS/2 mouse device common for all mice
[    2.143690] input: AT Translated Set 2 keyboard as /devices/platform/i8042/serio0/input/input2
[    2.154443] rtc_cmos rtc_cmos: rtc core: registered rtc_cmos as rtc0
[    2.156668] rtc_cmos rtc_cmos: alarms up to one day, 114 bytes nvram
[    2.159839] i2c /dev entries driver
[    2.161127] device-mapper: uevent: version 1.0.3
[    2.163980] device-mapper: ioctl: 4.37.0-ioctl (2017-09-20) initialised: dm-devel@redhat.com
[    2.168693] ledtrig-cpu: registered to indicate activity on CPUs
[    2.171782] NET: Registered protocol family 10
[    2.184910] Segment Routing with IPv6
[    2.189046] NET: Registered protocol family 17
[    2.192020] Key type dns_resolver registered
[    2.193922] mce: Using 0 MCE banks
[    2.196889] RAS: Correctable Errors collector initialized.
[    2.199942] sched_clock: Marking stable (2196823261, 0)->(3227079693, -1030256432)
[    2.203966] registered taskstats version 1
[    2.205735] Loading compiled-in X.509 certificates
[    2.210515] Loaded X.509 cert 'Build time autogenerated kernel key: 7480108fe56bba9284001dfb9078560125be4684'
[    2.213865] zswap: loaded using pool lzo/zbud
[    2.222183] Key type big_key registered
[    2.225863] Key type trusted registered
[    2.230899] Key type encrypted registered
[    2.233698] AppArmor: AppArmor sha1 policy hashing enabled
[    2.239526] ima: No TPM chip found, activating TPM-bypass! (rc=-19)
[    2.244296] ima: Allocated hash algorithm: sha1
[    2.246733] evm: HMAC attrs: 0x1
[    2.248311]   Magic number: 4:562:262
[    2.249961] rtc_cmos rtc_cmos: setting system clock to 2020-05-19 04:17:58 UTC (1589861878)
[    2.253249] BIOS EDD facility v0.16 2004-Jun-25, 0 devices found
[    2.256537] EDD information not available.
[    2.297266] Freeing unused kernel image memory: 2432K
[    2.312255] Write protecting the kernel read-only data: 20480k
[    2.321867] Freeing unused kernel image memory: 2008K
[    2.333037] Freeing unused kernel image memory: 1876K
[    2.346965] x86/mm: Checked W+X mappings: passed, no W+X pages found.
[    2.350480] x86/mm: Checking user space page tables
[    2.374068] x86/mm: Checked W+X mappings: passed, no W+X pages found.
Loading, please wait...
starting version 237
[    2.801548] e1000: Intel(R) PRO/1000 Network Driver - version 7.3.21-k8-NAPI
[    2.806743] e1000: Copyright (c) 1999-2006 Intel Corporation.
[    2.930537] Fusion MPT base driver 3.04.20
[    2.934253] Copyright (c) 1999-2008 LSI Corporation
[    3.086289] AVX2 version of gcm_enc/dec engaged.
[    3.100650] AES CTR mode by8 optimization enabled
[    3.125769] input: ImExPS/2 Generic Explorer Mouse as /devices/platform/i8042/serio1/input/input4
[    3.173365] Fusion MPT SPI Host driver 3.04.20
[    5.070982] e1000 0000:00:03.0 eth0: (PCI:33MHz:32-bit) 02:43:0e:00:05:fc
[    5.086013] e1000 0000:00:03.0 eth0: Intel(R) PRO/1000 Network Connection
[    5.103721] mptbase: ioc0: Initiating bringup
[    5.313426] ioc0: LSI53C1030 A0: Capabilities={Initiator}
[    5.559158] scsi host2: ioc0: LSI53C1030 A0, FwRev=00000000h, Ports=1, MaxQ=256, IRQ=20
[    5.729368] scsi 2:0:0:0: Direct-Access     VBOX     HARDDISK         1.0  PQ: 0 ANSI: 5
[    5.734962] scsi target2:0:0: Beginning Domain Validation
[    5.741478] random: fast init done
[    5.743945] scsi target2:0:0: Domain Validation skipping write tests
[    5.747811] scsi target2:0:0: Ending Domain Validation
[    5.749868] scsi target2:0:0: asynchronous
[    5.752813] scsi 2:0:1:0: Direct-Access     VBOX     HARDDISK         1.0  PQ: 0 ANSI: 5
[    5.782460] scsi target2:0:1: Beginning Domain Validation
[    5.956771] scsi target2:0:1: Domain Validation skipping write tests
[    6.003783] scsi target2:0:1: Ending Domain Validation
[    6.233633] scsi target2:0:1: asynchronous
[    6.540717] sd 2:0:0:0: Attached scsi generic sg0 type 0
[    6.547360] random: systemd-udevd: uninitialized urandom read (16 bytes read)
[    6.573285] sd 2:0:0:0: [sda] 20971520 512-byte logical blocks: (10.7 GB/10.0 GiB)
[    6.609452] sd 2:0:1:0: [sdb] 20480 512-byte logical blocks: (10.5 MB/10.0 MiB)
[    6.660657] sd 2:0:1:0: Attached scsi generic sg1 type 0
[    6.694135] sd 2:0:1:0: [sdb] Write Protect is off
[    6.698671] sd 2:0:1:0: [sdb] Incomplete mode parameter data
[    6.708887] sd 2:0:1:0: [sdb] Assuming drive cache: write through
[    6.715889] sd 2:0:0:0: [sda] Write Protect is off
[    6.720934] sd 2:0:0:0: [sda] Incomplete mode parameter data
[    6.725793] sd 2:0:0:0: [sda] Assuming drive cache: write through
[    6.746467] random: systemd-udevd: uninitialized urandom read (16 bytes read)
[    6.753176]  sda: sda1
[    6.757174] sd 2:0:1:0: [sdb] Attached SCSI disk
[    6.760219] sd 2:0:0:0: [sda] Attached SCSI disk
[    6.770782] random: systemd-udevd: uninitialized urandom read (16 bytes read)
[    7.195023] e1000 0000:00:08.0 eth1: (PCI:33MHz:32-bit) 08:00:27:fd:0e:95
[    7.197315] e1000 0000:00:08.0 eth1: Intel(R) PRO/1000 Network Connection
[    7.201795] e1000 0000:00:08.0 enp0s8: renamed from eth1
[    7.210618] e1000 0000:00:03.0 enp0s3: renamed from eth0
Begin: Loading essential drivers ... [    8.940338] raid6: sse2x1   gen()  5789 MB/s
[    8.988200] raid6: sse2x1   xor()  4080 MB/s
[    9.036958] raid6: sse2x2   gen()  7616 MB/s
[    9.084711] raid6: sse2x2   xor()  3523 MB/s
[    9.148431] raid6: sse2x4   gen()  5401 MB/s
[    9.200235] raid6: sse2x4   xor()  1914 MB/s
[    9.252151] raid6: avx2x1   gen()  2500 MB/s
[    9.304244] raid6: avx2x1   xor()  2576 MB/s
[    9.352294] raid6: avx2x2   gen() 13832 MB/s
[    9.402814] raid6: avx2x2   xor()  7039 MB/s
[    9.452351] raid6: avx2x4   gen()  9925 MB/s
[    9.500417] raid6: avx2x4   xor()  7346 MB/s
[    9.501739] raid6: using algorithm avx2x2 gen() 13832 MB/s
[    9.503502] raid6: .... xor() 7039 MB/s, rmw enabled
[    9.505985] raid6: using avx2x2 recovery algorithm
[    9.509749] xor: automatically using best checksumming function   avx       
[    9.521768] async_tx: api initialized (async)
done.
Begin: Running /scripts/init-premount ... done.
Begin: Mounting root file system ... Begin: Running /scripts/local-top ... done.
Begin: Running /scripts/local-premount ... [    9.636491] Btrfs loaded, crc32c=crc32c-intel
Scanning for Btrfs filesystems
done.
Warning: fsck not present, so skipping root file system
[    9.694326] EXT4-fs (sda1): mounted filesystem with ordered data mode. Opts: (null)
done.
Begin: Running /scripts/local-bottom ... done.
Begin: Running /scripts/init-bottom ... done.
[   10.140646] ip_tables: (C) 2000-2006 Netfilter Core Team
[   10.178866] systemd[1]: systemd 237 running in system mode. (+PAM +AUDIT +SELINUX +IMA +APPARMOR +SMACK +SYSVINIT +UTMP +LIBCRYPTSETUP +GCRYPT +GNUTLS +ACL +XZ +LZ4 +SECCOMP +BLKID +ELFUTILS +KMOD -IDN2 +IDN -PCRE2 default-hierarchy=hybrid)
[   10.199210] systemd[1]: Detected virtualization oracle.
[   10.204438] systemd[1]: Detected architecture x86-64.

Welcome to [1mUbuntu 18.04.4 LTS[0m!

[   10.225274] systemd[1]: Set hostname to <node2>.
[   10.711111] systemd[1]: Configuration file /lib/systemd/system/kubelet.service is marked world-inaccessible. This has no effect as configuration data is accessible via APIs without restrictions. Proceeding anyway.
[   10.724628] systemd[1]: Configuration file /etc/systemd/system/kubelet.service.d/10-kubeadm.conf is marked world-inaccessible. This has no effect as configuration data is accessible via APIs without restrictions. Proceeding anyway.
[   10.789740] systemd[1]: Set up automount Arbitrary Executable File Formats File System Automount Point.
[[0;32m  OK  [0m] Set up automount Arbitrary Executabâ€¦rmats File System Automount Point.
[   10.793504] systemd[1]: Reached target User and Group Name Lookups.
[[0;32m  OK  [0m] Reached target User and Group Name Lookups.
[   10.796053] systemd[1]: Reached target System Time Synchronized.
[[0;32m  OK  [0m] Reached target System Time Synchronized.
[   10.800699] systemd[1]: Created slice User and Session Slice.
[[0;32m  OK  [0m] Created slice User and Session Slice.
[[0;32m  OK  [0m] Started Forward Password Requests to Wall Directory Watch.
[[0;32m  OK  [0m] Reached target Swap.
[[0;32m  OK  [0m] Created slice System Slice.
[[0;32m  OK  [0m] Listening on Journal Socket (/dev/log).
[[0;32m  OK  [0m] Listening on RPCbind Server Activation Socket.
[[0;32m  OK  [0m] Listening on Syslog Socket.
[[0;32m  OK  [0m] Listening on Journal Socket.
         Mounting RPC Pipe File System...
         Starting Uncomplicated firewall...
         Mounting Huge Pages File System...
[[0;32m  OK  [0m] Created slice system-serial\x2dgetty.slice.
[[0;32m  OK  [0m] Listening on LVM2 metadata daemon socket.
[[0;32m  OK  [0m] Listening on LVM2 poll daemon socket.
[   10.854059] RPC: Registered named UNIX socket transport module.
[   10.855714] RPC: Registered udp transport module.
[   10.856998] RPC: Registered tcp transport module.
[   10.858150] RPC: Registered tcp NFSv4.1 backchannel transport module.
[[0;32m  OK  [0m] Listening on /dev/initctl Compatibility Named Pipe.
         Starting Load Kernel Modules...
         Mounting Kernel Debug File System...
         Starting Create list of required stâ€¦ce nodes for the current kernel...
[   10.896115] Loading iSCSI transport class v2.0-870.
         Starting Set the console keyboard layout...
[   10.906186] iscsi: registered transport (tcp)
[[0;32m  OK  [0m] Listening on Journal Audit Socket.
         Starting Journal Service...
[[0;32m  OK  [0m] Listening on Device-mapper event daemon FIFOs.
         Starting Monitoring of LVM2 mirrorsâ€¦ng dmeventd or progress polling...
[[0;32m  OK  [0m] Listening on Network Service Netlink Socket.
[[0;32m  OK  [0m] Listening on udev Kernel Socket.
[[0;32m  OK  [0m] Listening on udev Control Socket.
         Starting udev Coldplug all Devices...
[[0;32m  OK  [0m] Reached target Slices.
         Mounting POSIX Message Queue File System...
         Starting Remount Root and Kernel File Systems...
[[0;32m  OK  [0m] Mounted RPC Pipe File System.
[[0;32m  OK  [0m] Started Uncomplicated firewall.
[[0;32m  OK  [0m] Mounted Huge Pages File System.
[[0;32m  OK  [0m] Mounted Kernel Debug File System.
[[0;32m  OK  [0m] Started Create list of required staâ€¦vice nodes for the current kernel.
[[0;32m  OK  [0m] Mounted POSIX Message Queue File System.
         Starting Create Static Device Nodes in /dev...
[   11.078933] EXT4-fs (sda1): re-mounted. Opts: (null)
[[0;32m  OK  [0m] Started Remount Root and Kernel File Systems.
         Starting Load/Save Random Seed...
[   11.108085] iscsi: registered transport (iser)
[[0;32m  OK  [0m] Started Load Kernel Modules.
         Mounting FUSE Control File System...
         Mounting Kernel Configuration File System...
         Starting Apply Kernel Variables...
[[0;32m  OK  [0m] Mounted FUSE Control File System.
[[0;32m  OK  [0m] Mounted Kernel Configuration File System.
[[0;32m  OK  [0m] Started LVM2 metadata daemon.
[[0;32m  OK  [0m] Started Create Static Device Nodes in /dev.
         Starting udev Kernel Device Manager...
[[0;32m  OK  [0m] Started Load/Save Random Seed.
[   11.219328] random: crng init done
[   11.220604] random: 7 urandom warning(s) missed due to ratelimiting
[[0;32m  OK  [0m] Started Journal Service.
         Starting Flush Journal to Persistent Storage...
[[0;32m  OK  [0m] Started Monitoring of LVM2 mirrors,â€¦sing dmeventd or progress polling.
[[0;32m  OK  [0m] Started udev Kernel Device Manager.
[[0;32m  OK  [0m] Started Apply Kernel Variables.
[[0;32m  OK  [0m] Started udev Coldplug all Devices.
[[0;32m  OK  [0m] Started Set the console keyboard layout.
[[0;32m  OK  [0m] Started Dispatch Password Requests to Console Directory Watch.
[[0;32m  OK  [0m] Reached target Local Encrypted Volumes.
[[0;32m  OK  [0m] Reached target Local File Systems (Pre).
[[0;32m  OK  [0m] Reached target Local File Systems.
         Starting ebtables ruleset management...
         Starting Tell Plymouth To Write Out Runtime Data...
         Starting Preprocess NFS configuration...
         Starting Set console font and keymap...
         Starting AppArmor initialization...
[[0;32m  OK  [0m] Started Flush Journal to Persistent Storage.
         Starting Create Volatile Files and Directories...
[[0;32m  OK  [0m] Started Tell Plymouth To Write Out Runtime Data.
[[0;32m  OK  [0m] Started Preprocess NFS configuration.
[[0;32m  OK  [0m] Reached target NFS client services.
[[0;32m  OK  [0m] Started Set console font and keymap.
[[0;32m  OK  [0m] Started ebtables ruleset management.
[[0;32m  OK  [0m] Started Create Volatile Files and Directories.
         Starting RPC bind portmap service...
         Starting Update UTMP about System Boot/Shutdown...
[[0;32m  OK  [0m] Started RPC bind portmap service.
[[0;32m  OK  [0m] Reached target RPC Port Mapper.
[[0;32m  OK  [0m] Started Update UTMP about System Boot/Shutdown.
[[0;32m  OK  [0m] Started AppArmor initialization.
         Starting Initial cloud-init job (pre-networking)...
[[0;32m  OK  [0m] Found device /dev/ttyS0.
[[0;32m  OK  [0m] Listening on Load/Save RF Kill Switch Status /dev/rfkill Watch.
[   19.770003] cloud-init[507]: Cloud-init v. 19.4-33-gbb4131a2-0ubuntu1~18.04.1 running 'init-local' at Tue, 19 May 2020 04:18:15 +0000. Up 18.90 seconds.
[[0;32m  OK  [0m] Started Initial cloud-init job (pre-networking).
[[0;32m  OK  [0m] Reached target Network (Pre).
         Starting Network Service...
[[0;32m  OK  [0m] Started Network Service.
         Starting Wait for Network to be Configured...
         Starting Network Name Resolution...
[[0;32m  OK  [0m] Started Network Name Resolution.
[[0;32m  OK  [0m] Reached target Host and Network Name Lookups.
[[0;32m  OK  [0m] Reached target Network.
[[0;32m  OK  [0m] Started Wait for Network to be Configured.
         Starting Initial cloud-init job (metadata service crawler)...
[   25.769591] cloud-init[637]: Cloud-init v. 19.4-33-gbb4131a2-0ubuntu1~18.04.1 running 'init' at Tue, 19 May 2020 04:18:21 +0000. Up 24.98 seconds.
[   25.776449] cloud-init[637]: ci-info: ++++++++++++++++++++++++++++++++++++++Net device info++++++++++++++++++++++++++++++++++++++
[   25.783711] cloud-init[637]: ci-info: +--------+------+----------------------------+---------------+--------+-------------------+
[   25.796454] cloud-init[637]: ci-info: | Device |  Up  |          Address           |      Mask     | Scope  |     Hw-Address    |
[   25.807748] cloud-init[637]: ci-info: +--------+------+----------------------------+---------------+--------+-------------------+
[   25.835485] cloud-init[637]: ci-info: | enp0s3 | True |         10.0.2.15          | 255.255.255.0 | global | 02:43:0e:00:05:fc |
[   25.924465] cloud-init[637]: ci-info: | enp0s3 | True |  fe80::43:eff:fe00:5fc/64  |       .       |  link  | 02:43:0e:00:05:fc |
[   25.937067] cloud-init[637]: ci-info: | enp0s8 | True |         10.0.0.12          | 255.255.255.0 | global | 08:00:27:fd:0e:95 |
[   25.976378] cloud-init[637]: ci-info: | enp0s8 | True | fe80::a00:27ff:fefd:e95/64 |       .       |  link  | 08:00:27:fd:0e:95 |
[   25.986297] cloud-init[637]: ci-info: |   lo   | True |         127.0.0.1          |   255.0.0.0   |  host  |         .         |
[   26.017112] cloud-init[637]: ci-info: |   lo   | True |          ::1/128           |       .       |  host  |         .         |
[   26.047877] cloud-init[637]: ci-info: +--------+------+----------------------------+---------------+--------+-------------------+
[   26.054987] cloud-init[637]: ci-info: ++++++++++++++++++++++++++++Route IPv4 info+++++++++++++++++++++++++++++
[   26.111448] cloud-init[637]: ci-info: +-------+-------------+----------+-----------------+-----------+-------+
[   26.128309] cloud-init[637]: ci-info: | Route | Destination | Gateway  |     Genmask     | Interface | Flags |
[   26.146656] cloud-init[637]: ci-info: +-------+-------------+----------+-----------------+-----------+-------+
[   26.167551] cloud-init[637]: ci-info: |   0   |   0.0.0.0   | 10.0.2.2 |     0.0.0.0     |   enp0s3  |   UG  |
[   26.172839] cloud-init[637]: ci-info: |   1   |   10.0.0.0  | 0.0.0.0  |  255.255.255.0  |   enp0s8  |   U   |
[   26.179986] cloud-init[637]: ci-info: |   2   |   10.0.2.0  | 0.0.0.0  |  255.255.255.0  |   enp0s3  |   U   |
[   26.185456] cloud-init[637]: ci-info: |   3   |   10.0.2.2  | 0.0.0.0  | 255.255.255.255 |   enp0s3  |   UH  |
[   26.189410] cloud-init[637]: ci-info: +-------+-------------+----------+-----------------+-----------+-------+
[   26.204845] cloud-init[637]: ci-info: +++++++++++++++++++Route IPv6 info+++++++++++++++++++
[   26.216515] cloud-init[637]: ci-info: +-------+-------------+---------+-----------+-------+
[   26.225324] cloud-init[637]: ci-info: | Route | Destination | Gateway | Interface | Flags |
[   26.232983] cloud-init[637]: ci-info: +-------+-------------+---------+-----------+-------+
[   26.245142] cloud-init[637]: ci-info: |   1   |  fe80::/64  |    ::   |   enp0s8  |   U   |
[   26.258142] cloud-init[637]: ci-info: |   2   |  fe80::/64  |    ::   |   enp0s3  |   U   |
[   26.292781] cloud-init[637]: ci-info: |   4   |    local    |    ::   |   enp0s3  |   U   |
[   26.314104] cloud-init[637]: ci-info: |   5   |    local    |    ::   |   enp0s8  |   U   |
[   26.329006] cloud-init[637]: ci-info: |   6   |   ff00::/8  |    ::   |   enp0s8  |   U   |
[   26.341970] cloud-init[637]: ci-info: |   7   |   ff00::/8  |    ::   |   enp0s3  |   U   |
[   26.403801] cloud-init[637]: ci-info: +-------+-------------+---------+-----------+-------+
[[0;32m  OK  [0m] Started Initial cloud-init job (metadata service crawler).
[[0;32m  OK  [0m] Reached target Network is Online.
[[0;32m  OK  [0m] Reached target Remote File Systems (Pre).
         Starting Availability of block devices...
         Mounting /mnt/nfs_clientshare...
[[0;32m  OK  [0m] Reached target Cloud-config availability.
[[0;32m  OK  [0m] Reached target System Initialization.
[[0;32m  OK  [0m] Started ACPI Events Check.
[[0;32m  OK  [0m] Listening on ACPID Listen Socket.
         Starting Socket activation for snappy daemon.
[[0;32m  OK  [0m] Started Daily apt download activities.
[[0;32m  OK  [0m] Started Daily apt upgrade and clean activities.
[[0;32m  OK  [0m] Started Daily Cleanup of Temporary Directories.
         Starting LXD - unix socket.
[[0;32m  OK  [0m] Listening on D-Bus System Message Bus Socket.
[[0;32m  OK  [0m] Started Message of the Day.
[[0;32m  OK  [0m] Listening on UUID daemon activation socket.
[[0;32m  OK  [0m] Listening on Avahi mDNS/DNS-SD Stack Activation Socket.
[[0;32m  OK  [0m] Listening on Open-iSCSI iscsid Socket.
[[0;32m  OK  [0m] Started Discard unused blocks once a week.
[[0;32m  OK  [0m] Reached target Timers.
         Starting Docker Socket for the API.
[[0;32m  OK  [0m] Reached target Paths.
[[0;32m  OK  [0m] Started Availability of block devices.
[[0;32m  OK  [0m] Listening on Socket activation for snappy daemon.
[[0;32m  OK  [0m] Listening on LXD - unix socket.
[[0;32m  OK  [0m] Listening on Docker Socket for the API.
[[0;32m  OK  [0m] Reached target Sockets.
[[0;32m  OK  [0m] Reached target Basic System.
         Starting containerd container runtime...
         Starting Accounts Service...
[[0;32m  OK  [0m] Started kubelet: The Kubernetes Node Agent.
         Starting OpenBSD Secure Shell server...
         Starting Virtualbox guest utils...
         Starting Dispatcher daemon for systemd-networkd...
[[0;32m  OK  [0m] Started Deferred execution scheduler.
[[0;32m  OK  [0m] Started FUSE filesystem for LXC.
         Starting Login Service...
         Starting System Logging Service...
         Starting LXD - container startup/shutdown...
         Starting Ubuntu FAN network setup...
[[0;32m  OK  [0m] Started D-Bus System Message Bus.
[[0;32m  OK  [0m] Started irqbalance daemon.
         Starting LSB: Record successful boot for GRUB...
[[0;32m  OK  [0m] Started Regular background program processing daemon.
         Starting Avahi mDNS/DNS-SD Stack...
         Starting Snappy daemon...
[[0;32m  OK  [0m] Started System Logging Service.
[[0;32m  OK  [0m] Mounted /mnt/nfs_clientshare.
[[0;32m  OK  [0m] Started containerd container runtime.
[[0;32m  OK  [0m] Started Login Service.
[[0;32m  OK  [0m] Started Unattended Upgrades Shutdown.
[[0;32m  OK  [0m] Reached target Remote File Systems.
         Starting LSB: automatic crash report generation...
         Starting Permit User Sessions...
[[0;32m  OK  [0m] Started OpenBSD Secure Shell server.
         Starting Authorization Manager...
[[0;32m  OK  [0m] Started Permit User Sessions.
         Starting Terminate Plymouth Boot Screen...
         Starting Hold until boot process finishes up...
[[0;32m  OK  [0m] Started Hold until boot process finishes up.
         Starting Set console scheme...
[[0;32m  OK  [0m] Started Serial Getty on ttyS0.
[[0;32m  OK  [0m] Started Terminate Plymouth Boot Screen.
[[0;32m  OK  [0m] Started Set console scheme.
[[0;32m  OK  [0m] Created slice system-getty.slice.
[[0;32m  OK  [0m] Started Getty on tty1.
[[0;32m  OK  [0m] Reached target Login Prompts.
[[0;32m  OK  [0m] Started Avahi mDNS/DNS-SD Stack.
[[0;32m  OK  [0m] Started Authorization Manager.
[[0;32m  OK  [0m] Started Accounts Service.
[[0;32m  OK  [0m] Started LSB: Record successful boot for GRUB.
[[0;32m  OK  [0m] Started LSB: automatic crash report generation.
[[0;32m  OK  [0m] Started LXD - container startup/shutdown.
[[0;32m  OK  [0m] Created slice User Slice of vagrant.
         Starting User Manager for UID 1000...
[[0;32m  OK  [0m] Started Session 1 of user vagrant.
[[0;32m  OK  [0m] Started Virtualbox guest utils.
[[0;32m  OK  [0m] Started User Manager for UID 1000.
[[0;32m  OK  [0m] Started Dispatcher daemon for systemd-networkd.
[[0;32m  OK  [0m] Started Ubuntu FAN network setup.
[[0;32m  OK  [0m] Started Snappy daemon.
         Starting Wait until snapd is fully seeded...

Ubuntu 18.04.4 LTS node2 ttyS0

node2 login: [   49.604152] cloud-init[1122]: Cloud-init v. 19.4-33-gbb4131a2-0ubuntu1~18.04.1 running 'modules:config' at Tue, 19 May 2020 04:18:43 +0000. Up 47.63 seconds.
